// Jest Snapshot v1, https://goo.gl/fbAQLP

exports[`CardList component Renderiza correctamente 1`] = `
<main
  className="container grid-container"
>
  <div
    className="card"
  >
    <div
      className="image-box"
    >
      <img
        alt="Tarjeta"
        className="w-full"
        src="https://placehold.it/400x200"
      />
      <div
        className="button-box"
      >
        <button
          className="inline-block bg-gray-200 rounded-full px-3 py-1 text-xl font-semibold text-gray-700 mr-2"
          onClick={[Function]}
        >
          <svg
            fill="currentColor"
            height="1em"
            stroke="currentColor"
            strokeWidth="0"
            style={
              Object {
                "color": undefined,
              }
            }
            viewBox="0 0 24 24"
            width="1em"
            xmlns="http://www.w3.org/2000/svg"
          >
            <path
              d="M3 17.25V21h3.75L17.81 9.94l-3.75-3.75L3 17.25zM20.71 7.04c.39-.39.39-1.02 0-1.41l-2.34-2.34c-.39-.39-1.02-.39-1.41 0l-1.83 1.83 3.75 3.75 1.83-1.83z"
            />
          </svg>
        </button>
        <button
          className="inline-block bg-gray-200 rounded-full px-3 py-1 text-xl font-semibold text-gray-700 mr-2"
          onClick={[Function]}
        >
          <svg
            fill="currentColor"
            height="1em"
            stroke="currentColor"
            strokeWidth="0"
            style={
              Object {
                "color": undefined,
              }
            }
            viewBox="0 0 24 24"
            width="1em"
            xmlns="http://www.w3.org/2000/svg"
          >
            <path
              d="M6 19c0 1.1.9 2 2 2h8c1.1 0 2-.9 2-2V7H6v12zM19 4h-3.5l-1-1h-5l-1 1H5v2h14V4z"
            />
          </svg>
        </button>
      </div>
    </div>
    <div
      className="px-6 py-4 w-full"
    >
      <div
        className="font-bold text-xl mb-2 text-gray-600"
      >
        Tarjeta
      </div>
      <p
        className="text-gray-700 text-base"
      >
        Descripción
      </p>
    </div>
  </div>
  <div
    className="card"
  >
    <div
      className="image-box"
    >
      <img
        alt="Tarjeta"
        className="w-full"
        src="https://placehold.it/400x200"
      />
      <div
        className="button-box"
      >
        <button
          className="inline-block bg-gray-200 rounded-full px-3 py-1 text-xl font-semibold text-gray-700 mr-2"
          onClick={[Function]}
        >
          <svg
            fill="currentColor"
            height="1em"
            stroke="currentColor"
            strokeWidth="0"
            style={
              Object {
                "color": undefined,
              }
            }
            viewBox="0 0 24 24"
            width="1em"
            xmlns="http://www.w3.org/2000/svg"
          >
            <path
              d="M3 17.25V21h3.75L17.81 9.94l-3.75-3.75L3 17.25zM20.71 7.04c.39-.39.39-1.02 0-1.41l-2.34-2.34c-.39-.39-1.02-.39-1.41 0l-1.83 1.83 3.75 3.75 1.83-1.83z"
            />
          </svg>
        </button>
        <button
          className="inline-block bg-gray-200 rounded-full px-3 py-1 text-xl font-semibold text-gray-700 mr-2"
          onClick={[Function]}
        >
          <svg
            fill="currentColor"
            height="1em"
            stroke="currentColor"
            strokeWidth="0"
            style={
              Object {
                "color": undefined,
              }
            }
            viewBox="0 0 24 24"
            width="1em"
            xmlns="http://www.w3.org/2000/svg"
          >
            <path
              d="M6 19c0 1.1.9 2 2 2h8c1.1 0 2-.9 2-2V7H6v12zM19 4h-3.5l-1-1h-5l-1 1H5v2h14V4z"
            />
          </svg>
        </button>
      </div>
    </div>
    <div
      className="px-6 py-4 w-full"
    >
      <div
        className="font-bold text-xl mb-2 text-gray-600"
      >
        Tarjeta
      </div>
      <p
        className="text-gray-700 text-base"
      >
        Descripción
      </p>
    </div>
  </div>
  <div
    className="card"
  >
    <div
      className="image-box"
    >
      <img
        alt="Tarjeta"
        className="w-full"
        src="https://placehold.it/400x200"
      />
      <div
        className="button-box"
      >
        <button
          className="inline-block bg-gray-200 rounded-full px-3 py-1 text-xl font-semibold text-gray-700 mr-2"
          onClick={[Function]}
        >
          <svg
            fill="currentColor"
            height="1em"
            stroke="currentColor"
            strokeWidth="0"
            style={
              Object {
                "color": undefined,
              }
            }
            viewBox="0 0 24 24"
            width="1em"
            xmlns="http://www.w3.org/2000/svg"
          >
            <path
              d="M3 17.25V21h3.75L17.81 9.94l-3.75-3.75L3 17.25zM20.71 7.04c.39-.39.39-1.02 0-1.41l-2.34-2.34c-.39-.39-1.02-.39-1.41 0l-1.83 1.83 3.75 3.75 1.83-1.83z"
            />
          </svg>
        </button>
        <button
          className="inline-block bg-gray-200 rounded-full px-3 py-1 text-xl font-semibold text-gray-700 mr-2"
          onClick={[Function]}
        >
          <svg
            fill="currentColor"
            height="1em"
            stroke="currentColor"
            strokeWidth="0"
            style={
              Object {
                "color": undefined,
              }
            }
            viewBox="0 0 24 24"
            width="1em"
            xmlns="http://www.w3.org/2000/svg"
          >
            <path
              d="M6 19c0 1.1.9 2 2 2h8c1.1 0 2-.9 2-2V7H6v12zM19 4h-3.5l-1-1h-5l-1 1H5v2h14V4z"
            />
          </svg>
        </button>
      </div>
    </div>
    <div
      className="px-6 py-4 w-full"
    >
      <div
        className="font-bold text-xl mb-2 text-gray-600"
      >
        Tarjeta
      </div>
      <p
        className="text-gray-700 text-base"
      >
        Descripción
      </p>
    </div>
  </div>
</main>
`;
