// Jest Snapshot v1, https://goo.gl/fbAQLP

exports[`Header component Renderiza correctamente 1`] = `
<header
  className="header"
>
  <div
    className="container flex justify-between"
  >
    <div>
      <button
        className="button button-blue"
        onClick={[Function]}
      >
        Nueva tarjeta
      </button>
    </div>
    <div>
      <button
        className="button button-border"
        onClick={[Function]}
      >
        Ordenar por
      </button>
    </div>
  </div>
</header>
`;
